Microchip MPLAB XC8 Compiler V3.00

Linker command line:

-W-3 \
  --edf=C:/Program Files/Microchip/MPLABX/v6.25/packs/Microchip/PIC18F-K_DFP/1.14.301/xc8\pic\dat\20241213203129_en.msgs \
  -cn -h+dist/default/debug\Practica1.X.debug.sym \
  --cmf=dist/default/debug\Practica1.X.debug.cmf -z -Q18F45K50 \
  -oC:\Users\spart\AppData\Local\Temp\xcAsims.\driver_tmp_3.o \
  --defsym=__MPLAB_BUILD=1 --fixupoverflow=error \
  -Mdist/default/debug/Practica1.X.debug.map \
  --md=C:\Users\spart\AppData\Local\Temp\xcAsims.\driver_tmp_0.dat -E1 \
  -ver=XC8 Compiler -ACODE=02000h-07F00h -ACONST=02000h-07F00h \
  -ASMALLCONST=02000h-020FFhx95,07F00h-07F00h -AMEDIUMCONST=02000h-07F00h \
  -ACOMRAM=01h-05Fh -AABS1=00h-07FFh -ABIGRAM=01h-07FFh \
  -ARAM=060h-0FFh,0100h-01FFhx7 -ABANK0=060h-0FFh -ABANK1=0100h-01FFh \
  -ABANK2=0200h-02FFh -ABANK3=0300h-03FFh -ABANK4=0400h-04FFh \
  -ABANK5=0500h-05FFh -ABANK6=0600h-06FFh -ABANK7=0700h-07FFh \
  -ASFR=0F53h-0F5Fh,0F60h-0FFFh -ABIGSFR=0F53h-0FFFh \
  -ACONFIG=0300000h-030000Dh -AIDLOC=0200000h-0200007h \
  -AEEDATA=0F00000h-0F000FFh -peeprom_data=EEDATA \
  -preset_vec=02000h,intcode=2008h,intcodelo=2018h,sivt_lo,sivt_hi=CODE \
  -ppowerup=CODE,init -pramtop=0800h -psmallconst=SMALLCONST \
  -pmediumconst=MEDIUMCONST -pconst=CONST -AFARRAM=00h-00h \
  -prdata=COMRAM,nvrram=COMRAM,nvbit=COMRAM,rbss=COMRAM,rbit=COMRAM \
  -pfarbss=FARRAM,fardata=FARRAM,nvFARRAM=FARRAM \
  -pintsave_regs=BIGRAM,bigbss=BIGRAM,bigdata=BIGRAM -pbss=RAM \
  -pidata=CODE,irdata=CODE,ibigdata=CODE,ifardata=CODE -prparam=COMRAM \
  C:\Users\spart\AppData\Local\Temp\xcAsims.\driver_tmp_9.o \
  dist/default/debug\Practica1.X.debug.o 

Object code version is 3.11

Machine type is 18F45K50



                Name                               Link     Load   Length Selector   Space Scale
C:\Users\spart\AppData\Local\Temp\xcAsims.\driver_tmp_9.o
                config                           300000   300000        E        0       4
                init                               7EFC     7EFC        4     3F7E       0
                reset_vec                          2000     2000        4     1000       0
dist/default/debug\Practica1.X.debug.o
                config                           300000   300000        E        0       4
                smallconst                         2004     2004        2     1002       0
                text7                              7E42     7E42       1E     3F21       0
                text6                              7E00     7E00        A     3F00       0
                text5                              7E0A     7E0A        A     3F05       0
                text4                              7E14     7E14        A     3F0A       0
                text3                              7E60     7E60       34     3F30       0
                text2                              7E94     7E94       34     3F4A       0
                text1                              7E1E     7E1E        E     3F0F       0
                text0                              7EC8     7EC8       34     3F64       0
                cstackCOMRAM                          8        8        4        1       1
                bssCOMRAM                             1        1        7        1       1
                cinit                              7E2C     7E2C       16     3F16       0

TOTAL           Name                               Link     Load   Length     Space
        CLASS   CODE           
                init                               7EFC     7EFC        4         0
                reset_vec                          2000     2000        4         0
                text7                              7E42     7E42       1E         0
                text6                              7E00     7E00        A         0
                text5                              7E0A     7E0A        A         0
                text4                              7E14     7E14        A         0
                text3                              7E60     7E60       34         0
                text2                              7E94     7E94       34         0
                text1                              7E1E     7E1E        E         0
                text0                              7EC8     7EC8       34         0
                cinit                              7E2C     7E2C       16         0

        CLASS   CONST          

        CLASS   SMALLCONST     
                smallconst                         2004     2004        2         0

        CLASS   MEDIUMCONST    

        CLASS   COMRAM         
                cstackCOMRAM                          8        8        4         1
                bssCOMRAM                             1        1        7         1

        CLASS   ABS1           

        CLASS   BIGRAM         

        CLASS   RAM            

        CLASS   BANK0          

        CLASS   BANK1          

        CLASS   BANK2          

        CLASS   BANK3          

        CLASS   BANK4          

        CLASS   BANK5          

        CLASS   BANK6          

        CLASS   BANK7          

        CLASS   SFR            

        CLASS   BIGSFR         

        CLASS   CONFIG         
                config                           300000   300000        E         4

        CLASS   IDLOC          

        CLASS   EEDATA         

        CLASS   FARRAM         

        CLASS   HEAP           

        CLASS   STACK          



SEGMENTS        Name                           Load    Length   Top    Selector   Space  Class

                bssCOMRAM                      000001  00000B  00000C         1       1  COMRAM  
                reset_vec                      002000  000004  002004      1000       0  CODE    
                smallconst                     002004  000002  002006      1002       0  SMALLCON
                text6                          007E00  00000A  007E0A      3F00       0  CODE    
                text5                          007E0A  00000A  007E14      3F05       0  CODE    
                text4                          007E14  00000A  007E1E      3F0A       0  CODE    
                text1                          007E1E  00000E  007E2C      3F0F       0  CODE    
                cinit                          007E2C  000016  007E42      3F16       0  CODE    
                text7                          007E42  00001E  007E60      3F21       0  CODE    
                text3                          007E60  000034  007E94      3F30       0  CODE    
                text2                          007E94  000034  007EC8      3F4A       0  CODE    
                text0                          007EC8  000034  007EFC      3F64       0  CODE    
                init                           007EFC  000004  007F00      3F7E       0  CODE    


UNUSED ADDRESS RANGES

        Name                Unused          Largest block    Delta
        BANK0            000060-0000FF               A0
        BANK1            000100-0001FF              100
        BANK2            000200-0002FF              100
        BANK3            000300-0003FF              100
        BANK4            000400-0004FF              100
        BANK5            000500-0005FF              100
        BANK6            000600-0006FF              100
        BANK7            000700-0007FF              100
        BIGRAM           00000C-0007FF              7F4
        BIGSFR           000F53-000FFF               AD
        CODE             002006-007DFF             5DFA
                         007F00-007F00                1
        COMRAM           00000C-00005F               54
        CONST            002006-007DFF             5DFA
                         007F00-007F00                1
        EEDATA           F00000-F000FF              100
        FARRAM           000000-000000                1
        IDLOC            200000-200007                8
        MEDIUMCONST      002006-007DFF             5DFA
                         007F00-007F00                1
        RAM              000060-0007FF              100
        SFR              000F53-000FFF                D
        SMALLCONST       002006-007DFF              100
                         007F00-007F00                1

                                  Symbol Table

INT0_SetInterruptHandler@InterruptHandler cstackCOMRAM 000008
INT1_SetInterruptHandler@InterruptHandler cstackCOMRAM 000008
INT2_SetInterruptHandler@InterruptHandler cstackCOMRAM 000008
_ACTCON                                   (abs)        000FB5
_ANSELA                                   (abs)        000F5B
_ANSELB                                   (abs)        000F5C
_ANSELC                                   (abs)        000F5D
_ANSELD                                   (abs)        000F5E
_ANSELE                                   (abs)        000F5F
_CLOCK_Initialize                         text7        007E42
_INT0_DefaultInterruptHandler             (abs)        000000
_INT0_InterruptHandler                    bssCOMRAM    000005
_INT0_SetInterruptHandler                 text6        007E00
_INT1_DefaultInterruptHandler             (abs)        000000
_INT1_InterruptHandler                    bssCOMRAM    000003
_INT1_SetInterruptHandler                 text5        007E0A
_INT2_DefaultInterruptHandler             (abs)        000000
_INT2_InterruptHandler                    bssCOMRAM    000001
_INT2_SetInterruptHandler                 text4        007E14
_INTCON2bits                              (abs)        000FF1
_INTCON3bits                              (abs)        000FF0
_INTCONbits                               (abs)        000FF2
_INTERRUPT_Initialize                     text3        007E60
_IOCB                                     (abs)        000F86
_IOCC                                     (abs)        000F87
_LATA                                     (abs)        000F89
_LATB                                     (abs)        000F8A
_LATC                                     (abs)        000F8B
_LATD                                     (abs)        000F8C
_LATE                                     (abs)        000F8D
_OSCCON                                   (abs)        000FD3
_OSCCON2                                  (abs)        000FD2
_OSCCON2bits                              (abs)        000FD2
_OSCTUNE                                  (abs)        000F9B
_PIN_MANAGER_Initialize                   text2        007E94
_RCONbits                                 (abs)        000FD0
_SYSTEM_Initialize                        text1        007E1E
_TRISA                                    (abs)        000F92
_TRISB                                    (abs)        000F93
_TRISC                                    (abs)        000F94
_TRISD                                    (abs)        000F95
_TRISE                                    (abs)        000F96
_WPUB                                     (abs)        000F85
__HRAM                                    (abs)        000000
__H__absolute__                           __absolute__ 000000
__Habs1                                   abs1         000000
__Hbank0                                  bank0        000000
__Hbank1                                  bank1        000000
__Hbank2                                  bank2        000000
__Hbank3                                  bank3        000000
__Hbank4                                  bank4        000000
__Hbank5                                  bank5        000000
__Hbank6                                  bank6        000000
__Hbank7                                  bank7        000000
__Hbigbss                                 bigbss       000000
__Hbigdata                                bigdata      000000
__Hbigram                                 bigram       000000
__Hbigsfr                                 bigsfr       000000
__Hbss                                    bss          000000
__HbssCOMRAM                              bssCOMRAM    000000
__Hcinit                                  cinit        000000
__Hclrtext                                clrtext      000000
__Hcomram                                 comram       000000
__Hconfig                                 config       30000E
__Hconst                                  const        000000
__HcstackCOMRAM                           cstackCOMRAM 000000
__Hdata                                   data         000000
__Heeprom_data                            eeprom_data  000000
__Hfarbss                                 farbss       000000
__Hfardata                                fardata      000000
__Hheap                                   heap         000000
__Hibigdata                               ibigdata     000000
__Hidata                                  idata        000000
__Hidloc                                  idloc        000000
__Hifardata                               ifardata     000000
__Hinit                                   init         007F00
__Hintcode                                intcode      002008
__Hintcode_body                           intcode_body 000000
__Hintcodelo                              intcodelo    002018
__Hintentry                               intentry     000000
__Hintret                                 intret       000000
__Hintsave_regs                           intsave_regs 000000
__Hirdata                                 irdata       000000
__Hmediumconst                            mediumconst  000000
__HnvFARRAM                               nvFARRAM     000000
__Hnvbit                                  nvbit        000000
__Hnvrram                                 nvrram       000000
__Hparam                                  rparam       000000
__Hpowerup                                powerup      000000
__Hram                                    ram          000000
__Hramtop                                 ramtop       000800
__Hrbit                                   rbit         000000
__Hrbss                                   rbss         000000
__Hrdata                                  rdata        000000
__Hreset_vec                              reset_vec    002004
__Hrparam                                 rparam       000000
__Hsfr                                    sfr          000000
__Hsivt_hi                                sivt_hi      000000
__Hsivt_lo                                sivt_lo      002018
__Hsmallconst                             smallconst   002006
__Hspace_0                                (abs)        007F00
__Hspace_1                                (abs)        00000C
__Hspace_2                                (abs)        000000
__Hspace_4                                (abs)        60000E
__Hstack                                  stack        000000
__Hstruct                                 struct       000000
__Htemp                                   temp         000000
__Htext                                   text         000000
__Htext0                                  text0        000000
__Htext1                                  text1        000000
__Htext2                                  text2        000000
__Htext3                                  text3        000000
__Htext4                                  text4        000000
__Htext5                                  text5        000000
__Htext6                                  text6        000000
__Htext7                                  text7        000000
__LRAM                                    (abs)        000001
__L__absolute__                           __absolute__ 000000
__Labs1                                   abs1         000000
__Lbank0                                  bank0        000000
__Lbank1                                  bank1        000000
__Lbank2                                  bank2        000000
__Lbank3                                  bank3        000000
__Lbank4                                  bank4        000000
__Lbank5                                  bank5        000000
__Lbank6                                  bank6        000000
__Lbank7                                  bank7        000000
__Lbigbss                                 bigbss       000000
__Lbigdata                                bigdata      000000
__Lbigram                                 bigram       000000
__Lbigsfr                                 bigsfr       000000
__Lbss                                    bss          000000
__LbssCOMRAM                              bssCOMRAM    000000
__Lcinit                                  cinit        000000
__Lclrtext                                clrtext      000000
__Lcomram                                 comram       000000
__Lconfig                                 config       000000
__Lconst                                  const        000000
__LcstackCOMRAM                           cstackCOMRAM 000000
__Ldata                                   data         000000
__Leeprom_data                            eeprom_data  000000
__Lfarbss                                 farbss       000000
__Lfardata                                fardata      000000
__Lheap                                   heap         000000
__Libigdata                               ibigdata     000000
__Lidata                                  idata        000000
__Lidloc                                  idloc        000000
__Lifardata                               ifardata     000000
__Linit                                   init         007EFC
__Lintcode                                intcode      002008
__Lintcode_body                           intcode_body 000000
__Lintcodelo                              intcodelo    002018
__Lintentry                               intentry     000000
__Lintret                                 intret       000000
__Lintsave_regs                           intsave_regs 000000
__Lirdata                                 irdata       000000
__Lmediumconst                            mediumconst  000000
__LnvFARRAM                               nvFARRAM     000000
__Lnvbit                                  nvbit        000000
__Lnvrram                                 nvrram       000000
__Lparam                                  rparam       000000
__Lpowerup                                powerup      000000
__Lram                                    ram          000000
__Lramtop                                 ramtop       000800
__Lrbit                                   rbit         000000
__Lrbss                                   rbss         000000
__Lrdata                                  rdata        000000
__Lreset_vec                              reset_vec    002000
__Lrparam                                 rparam       000000
__Lsfr                                    sfr          000000
__Lsivt_hi                                sivt_hi      000000
__Lsivt_lo                                sivt_lo      002018
__Lsmallconst                             smallconst   002004
__Lspace_0                                (abs)        000000
__Lspace_1                                (abs)        000000
__Lspace_2                                (abs)        000000
__Lspace_4                                (abs)        000000
__Lstack                                  stack        000000
__Lstruct                                 struct       000000
__Ltemp                                   temp         000000
__Ltext                                   text         000000
__Ltext0                                  text0        000000
__Ltext1                                  text1        000000
__Ltext2                                  text2        000000
__Ltext3                                  text3        000000
__Ltext4                                  text4        000000
__Ltext5                                  text5        000000
__Ltext6                                  text6        000000
__Ltext7                                  text7        000000
__S0                                      (abs)        007F00
__S1                                      (abs)        00000C
__S4                                      (abs)        000000
__S5                                      (abs)        000000
___heap_hi                                (abs)        000000
___heap_lo                                (abs)        000000
___inthi_sp                               stack        000000
___inthi_stack_hi                         stack        000000
___inthi_stack_lo                         stack        000000
___intlo_sp                               stack        000000
___intlo_stack_hi                         stack        000000
___intlo_stack_lo                         stack        000000
___param_bank                             (abs)        000000
___rparam_used                            (abs)        000001
___sp                                     stack        000000
___stack_hi                               stack        000000
___stack_lo                               stack        000000
__accesstop                               (abs)        000060
__activetblptr                            (abs)        000002
__end_of_CLOCK_Initialize                 text7        007E60
__end_of_INT0_SetInterruptHandler         text6        007E0A
__end_of_INT1_SetInterruptHandler         text5        007E14
__end_of_INT2_SetInterruptHandler         text4        007E1E
__end_of_INTERRUPT_Initialize             text3        007E94
__end_of_PIN_MANAGER_Initialize           text2        007EC8
__end_of_SYSTEM_Initialize                text1        007E2C
__end_of__initialization                  cinit        007E38
__end_of_main                             text0        007EFC
__initialization                          cinit        007E2C
__mediumconst                             smallconst   002004
__pbssCOMRAM                              bssCOMRAM    000001
__pcinit                                  cinit        007E2C
__pcstackCOMRAM                           cstackCOMRAM 000008
__psmallconst                             smallconst   002004
__ptext0                                  text0        007EC8
__ptext1                                  text1        007E1E
__ptext2                                  text2        007E94
__ptext3                                  text3        007E60
__ptext4                                  text4        007E14
__ptext5                                  text5        007E0A
__ptext6                                  text6        007E00
__ptext7                                  text7        007E42
__ramtop                                  ramtop       000800
__smallconst                              smallconst   002004
_leds                                     bssCOMRAM    000007
_main                                     text0        007EC8
end_of_initialization                     cinit        007E38
intlevel0                                 text         000000
intlevel1                                 text         000000
intlevel2                                 text         000000
intlevel3                                 text         000000
isa$std                                   (abs)        000001
isa$xinst                                 (abs)        000000
stackhi                                   (abs)        000000
stacklo                                   (abs)        000000
start                                     init         007EFC
start_initialization                      cinit        007E2C


MODULE INFORMATION

Module		Function		Class		Link	Load	Size
mcc_generated_files/system/src/interrupt.c
		_INT0_SetInterruptHandler		CODE           	7E00	0000	10
		_INT1_SetInterruptHandler		CODE           	7E0A	0000	10
		_INT2_SetInterruptHandler		CODE           	7E14	0000	10
		_INTERRUPT_Initialize		CODE           	7E60	0000	52

mcc_generated_files/system/src/interrupt.c estimated size: 82

mcc_generated_files/system/src/pins.c
		_PIN_MANAGER_Initialize		CODE           	7E94	0000	52

mcc_generated_files/system/src/pins.c estimated size: 52

shared
		__initialization		CODE           	7E2C	0000	12

shared estimated size: 12

mcc_generated_files/system/src/clock.c
		_CLOCK_Initialize		CODE           	7E42	0000	30

mcc_generated_files/system/src/clock.c estimated size: 30

main.c
		_main          		CODE           	7EC8	0000	52

main.c estimated size: 52

mcc_generated_files/system/src/system.c
		_SYSTEM_Initialize		CODE           	7E1E	0000	14

mcc_generated_files/system/src/system.c estimated size: 14

