Microchip MPLAB XC8 Compiler V3.00

Linker command line:

-W-3 \
  --edf=C:/Program Files/Microchip/MPLABX/v6.25/packs/Microchip/PIC18F-K_DFP/1.14.301/xc8\pic\dat\20241213203129_en.msgs \
  -cn -h+dist/default/production\practica5_LDR.X.production.sym \
  --cmf=dist/default/production\practica5_LDR.X.production.cmf -z \
  -Q18F45K50 -oC:\Users\spart\AppData\Local\Temp\xcAs2io.\driver_tmp_3.o \
  --defsym=__MPLAB_BUILD=1 --fixupoverflow=error \
  -Mdist/default/production/practica5_LDR.X.production.map \
  --md=C:\Users\spart\AppData\Local\Temp\xcAs2io.\driver_tmp_0.dat -E1 \
  -ver=XC8 Compiler -ACODE=00h-07FFFh -ACONST=00h-07FFFh \
  -ASMALLCONST=0800h-08FFhx120 -AMEDIUMCONST=0800h-07FFFh -ACOMRAM=01h-05Fh \
  -AABS1=00h-07FFh -ABIGRAM=01h-07FFh -ARAM=060h-0FFh,0100h-01FFhx7 \
  -ABANK0=060h-0FFh -ABANK1=0100h-01FFh -ABANK2=0200h-02FFh \
  -ABANK3=0300h-03FFh -ABANK4=0400h-04FFh -ABANK5=0500h-05FFh \
  -ABANK6=0600h-06FFh -ABANK7=0700h-07FFh -ASFR=0F53h-0F5Fh,0F60h-0FFFh \
  -ABIGSFR=0F53h-0FFFh -ACONFIG=0300000h-030000Dh -AIDLOC=0200000h-0200007h \
  -AEEDATA=0F00000h-0F000FFh -peeprom_data=EEDATA \
  -preset_vec=00h,intcode=8h,intcodelo=18h,sivt_lo,sivt_hi=CODE \
  -ppowerup=CODE,init -pramtop=0800h -psmallconst=SMALLCONST \
  -pmediumconst=MEDIUMCONST -pconst=CONST -AFARRAM=00h-00h \
  -prdata=COMRAM,nvrram=COMRAM,nvbit=COMRAM,rbss=COMRAM,rbit=COMRAM \
  -pfarbss=FARRAM,fardata=FARRAM,nvFARRAM=FARRAM \
  -pintsave_regs=BIGRAM,bigbss=BIGRAM,bigdata=BIGRAM -pbss=RAM \
  -pidata=CODE,irdata=CODE,ibigdata=CODE,ifardata=CODE -prparam=COMRAM \
  C:\Users\spart\AppData\Local\Temp\xcAs2io.\driver_tmp_9.o \
  dist/default/production\practica5_LDR.X.production.o 

Object code version is 3.11

Machine type is 18F45K50



                Name                               Link     Load   Length Selector   Space Scale
C:\Users\spart\AppData\Local\Temp\xcAs2io.\driver_tmp_9.o
                config                           300000   300000        E        0       4
                init                               7FFC     7FFC        4     3FFE       0
                reset_vec                             0        0        4        0       0
dist/default/production\practica5_LDR.X.production.o
                config                           300000   300000        E        0       4
                smallconst                          800      800        2      400       0
                text20                             19DA     19DA       12      401       0
                text19                             19EC     19EC        C      401       0
                text18                             1A16     1A16        A      401       0
                text17                             1A0C     1A0C        A      401       0
                text16                             1A02     1A02        A      401       0
                text15                             196A     196A       34      401       0
                text14                             1936     1936       34      401       0
                text13                             19C8     19C8       12      401       0
                text12                             152C     152C      104      401       0
                text11                              E4A      E4A      426      401       0
                text10                             1270     1270      1B4      401       0
                text9                               802      802      648      401       0
                text8                              19F8     19F8        A      401       0
                text7                              19B4     19B4       14      401       0
                text6                              18FE     18FE       38      401       0
                text5                              1798     1798       A4      401       0
                text4                              16E6     16E6       B2      401       0
                text3                              1424     1424      108      401       0
                text2                              1630     1630       B6      401       0
                text1                              183C     183C       7C      401       0
                text0                              18B8     18B8       46      401       0
                cstackCOMRAM                          1        1       41        1       1
                bssCOMRAM                            42       42        9        1       1
                cinit                              199E     199E       16      401       0
                nvCOMRAM                             4B       4B        6        1       1

TOTAL           Name                               Link     Load   Length     Space
        CLASS   CODE           
                init                               7FFC     7FFC        4         0
                reset_vec                             0        0        4         0
                text20                             19DA     19DA       12         0
                text19                             19EC     19EC        C         0
                text18                             1A16     1A16        A         0
                text17                             1A0C     1A0C        A         0
                text16                             1A02     1A02        A         0
                text15                             196A     196A       34         0
                text14                             1936     1936       34         0
                text13                             19C8     19C8       12         0
                text12                             152C     152C      104         0
                text11                              E4A      E4A      426         0
                text10                             1270     1270      1B4         0
                text9                               802      802      648         0
                text8                              19F8     19F8        A         0
                text7                              19B4     19B4       14         0
                text6                              18FE     18FE       38         0
                text5                              1798     1798       A4         0
                text4                              16E6     16E6       B2         0
                text3                              1424     1424      108         0
                text2                              1630     1630       B6         0
                text1                              183C     183C       7C         0
                text0                              18B8     18B8       46         0
                cinit                              199E     199E       16         0

        CLASS   CONST          

        CLASS   SMALLCONST     
                smallconst                          800      800        2         0

        CLASS   MEDIUMCONST    

        CLASS   COMRAM         
                cstackCOMRAM                          1        1       41         1
                bssCOMRAM                            42       42        9         1
                nvCOMRAM                             4B       4B        6         1

        CLASS   ABS1           

        CLASS   BIGRAM         

        CLASS   RAM            

        CLASS   BANK0          

        CLASS   BANK1          

        CLASS   BANK2          

        CLASS   BANK3          

        CLASS   BANK4          

        CLASS   BANK5          

        CLASS   BANK6          

        CLASS   BANK7          

        CLASS   SFR            

        CLASS   BIGSFR         

        CLASS   CONFIG         
                config                           300000   300000        E         4

        CLASS   IDLOC          

        CLASS   EEDATA         

        CLASS   FARRAM         

        CLASS   HEAP           

        CLASS   STACK          



SEGMENTS        Name                           Load    Length   Top    Selector   Space  Class

                reset_vec                      000000  000004  000004         0       0  CODE    
                cstackCOMRAM                   000001  000050  000051         1       1  COMRAM  
                smallconst                     000800  000002  000802       400       0  SMALLCON
                text9                          000802  00121E  001A20       401       0  CODE    
                init                           007FFC  000004  008000      3FFE       0  CODE    


UNUSED ADDRESS RANGES

        Name                Unused          Largest block    Delta
        BANK0            000060-0000FF               A0
        BANK1            000100-0001FF              100
        BANK2            000200-0002FF              100
        BANK3            000300-0003FF              100
        BANK4            000400-0004FF              100
        BANK5            000500-0005FF              100
        BANK6            000600-0006FF              100
        BANK7            000700-0007FF              100
        BIGRAM           000051-0007FF              7AF
        BIGSFR           000F53-000FFF               AD
        CODE             000004-0007FF              7FC
                         001A20-007FFB             65DC
        COMRAM           000051-00005F                F
        CONST            000004-0007FF              7FC
                         001A20-007FFB             65DC
        EEDATA           F00000-F000FF              100
        IDLOC            200000-200007                8
        MEDIUMCONST      001A20-007FFB             65DC
        RAM              000060-0007FF              100
        SFR              000F53-000FFF                D
        SMALLCONST       001A20-007FFB              100

                                  Symbol Table

?___flmul                                 cstackCOMRAM 00000F
?___lldiv                                 cstackCOMRAM 000001
?___xxtofl                                cstackCOMRAM 000001
?_leer_adc_promedio                       cstackCOMRAM 00000E
INT0_SetInterruptHandler@InterruptHandler cstackCOMRAM 000001
INT1_SetInterruptHandler@InterruptHandler cstackCOMRAM 000001
INT2_SetInterruptHandler@InterruptHandler cstackCOMRAM 000001
_ACTCON                                   (abs)        000FB5
_ADCON0                                   (abs)        000FC2
_ADCON0bits                               (abs)        000FC2
_ADCON1                                   (abs)        000FC1
_ADCON2                                   (abs)        000FC0
_ADC_Initialize                           text20       0019DA
_ADRESH                                   (abs)        000FC4
_ADRESL                                   (abs)        000FC3
_ANSELA                                   (abs)        000F5B
_ANSELB                                   (abs)        000F5C
_ANSELC                                   (abs)        000F5D
_ANSELD                                   (abs)        000F5E
_ANSELE                                   (abs)        000F5F
_CLOCK_Initialize                         text19       0019EC
_INT0_DefaultInterruptHandler             (abs)        000000
_INT0_InterruptHandler                    nvCOMRAM     00004F
_INT0_SetInterruptHandler                 text18       001A16
_INT1_DefaultInterruptHandler             (abs)        000000
_INT1_InterruptHandler                    nvCOMRAM     00004D
_INT1_SetInterruptHandler                 text17       001A0C
_INT2_DefaultInterruptHandler             (abs)        000000
_INT2_InterruptHandler                    nvCOMRAM     00004B
_INT2_SetInterruptHandler                 text16       001A02
_INTCON2bits                              (abs)        000FF1
_INTCON3bits                              (abs)        000FF0
_INTCONbits                               (abs)        000FF2
_INTERRUPT_Initialize                     text15       00196A
_IOCB                                     (abs)        000F86
_IOCC                                     (abs)        000F87
_LATA                                     (abs)        000F89
_LATB                                     (abs)        000F8A
_LATBbits                                 (abs)        000F8A
_LATC                                     (abs)        000F8B
_LATCbits                                 (abs)        000F8B
_LATD                                     (abs)        000F8C
_LATE                                     (abs)        000F8D
_OSCCON                                   (abs)        000FD3
_OSCCON2                                  (abs)        000FD2
_OSCTUNE                                  (abs)        000F9B
_PIN_MANAGER_Initialize                   text14       001936
_PIR1bits                                 (abs)        000F9E
_RCONbits                                 (abs)        000FD0
_SYSTEM_Initialize                        text13       0019C8
_TRISA                                    (abs)        000F92
_TRISAbits                                (abs)        000F92
_TRISB                                    (abs)        000F93
_TRISBbits                                (abs)        000F93
_TRISC                                    (abs)        000F94
_TRISCbits                                (abs)        000F94
_TRISD                                    (abs)        000F95
_TRISE                                    (abs)        000F96
_WPUB                                     (abs)        000F85
__HRAM                                    (abs)        000000
__H__absolute__                           __absolute__ 000000
__Habs1                                   abs1         000000
__Hbank0                                  bank0        000000
__Hbank1                                  bank1        000000
__Hbank2                                  bank2        000000
__Hbank3                                  bank3        000000
__Hbank4                                  bank4        000000
__Hbank5                                  bank5        000000
__Hbank6                                  bank6        000000
__Hbank7                                  bank7        000000
__Hbigbss                                 bigbss       000000
__Hbigdata                                bigdata      000000
__Hbigram                                 bigram       000000
__Hbigsfr                                 bigsfr       000000
__Hbss                                    bss          000000
__HbssCOMRAM                              bssCOMRAM    000000
__Hcinit                                  cinit        000000
__Hclrtext                                clrtext      000000
__Hcomram                                 comram       000000
__Hconfig                                 config       30000E
__Hconst                                  const        000000
__HcstackCOMRAM                           cstackCOMRAM 000000
__Hdata                                   data         000000
__Heeprom_data                            eeprom_data  000000
__Hfarbss                                 farbss       000000
__Hfardata                                fardata      000000
__Hheap                                   heap         000000
__Hibigdata                               ibigdata     000000
__Hidata                                  idata        000000
__Hidloc                                  idloc        000000
__Hifardata                               ifardata     000000
__Hinit                                   init         008000
__Hintcode                                intcode      000008
__Hintcode_body                           intcode_body 000000
__Hintcodelo                              intcodelo    000018
__Hintentry                               intentry     000000
__Hintret                                 intret       000000
__Hintsave_regs                           intsave_regs 000000
__Hirdata                                 irdata       000000
__Hmediumconst                            mediumconst  000000
__HnvCOMRAM                               nvCOMRAM     000000
__HnvFARRAM                               nvFARRAM     000000
__Hnvbit                                  nvbit        000000
__Hnvrram                                 nvrram       000000
__Hparam                                  rparam       000000
__Hpowerup                                powerup      000000
__Hram                                    ram          000000
__Hramtop                                 ramtop       000800
__Hrbit                                   rbit         000000
__Hrbss                                   rbss         000000
__Hrdata                                  rdata        000000
__Hreset_vec                              reset_vec    000004
__Hrparam                                 rparam       000000
__Hsfr                                    sfr          000000
__Hsivt_hi                                sivt_hi      000000
__Hsivt_lo                                sivt_lo      000018
__Hsmallconst                             smallconst   000802
__Hspace_0                                (abs)        008000
__Hspace_1                                (abs)        000051
__Hspace_2                                (abs)        000000
__Hspace_4                                (abs)        60000E
__Hstack                                  stack        000000
__Hstruct                                 struct       000000
__Htemp                                   temp         000000
__Htext                                   text         000000
__Htext0                                  text0        000000
__Htext1                                  text1        000000
__Htext10                                 text10       000000
__Htext11                                 text11       000000
__Htext12                                 text12       000000
__Htext13                                 text13       000000
__Htext14                                 text14       000000
__Htext15                                 text15       000000
__Htext16                                 text16       000000
__Htext17                                 text17       000000
__Htext18                                 text18       000000
__Htext19                                 text19       000000
__Htext2                                  text2        000000
__Htext20                                 text20       000000
__Htext3                                  text3        000000
__Htext4                                  text4        000000
__Htext5                                  text5        000000
__Htext6                                  text6        000000
__Htext7                                  text7        000000
__Htext8                                  text8        000000
__Htext9                                  text9        000000
__LRAM                                    (abs)        000001
__L__absolute__                           __absolute__ 000000
__Labs1                                   abs1         000000
__Lbank0                                  bank0        000000
__Lbank1                                  bank1        000000
__Lbank2                                  bank2        000000
__Lbank3                                  bank3        000000
__Lbank4                                  bank4        000000
__Lbank5                                  bank5        000000
__Lbank6                                  bank6        000000
__Lbank7                                  bank7        000000
__Lbigbss                                 bigbss       000000
__Lbigdata                                bigdata      000000
__Lbigram                                 bigram       000000
__Lbigsfr                                 bigsfr       000000
__Lbss                                    bss          000000
__LbssCOMRAM                              bssCOMRAM    000000
__Lcinit                                  cinit        000000
__Lclrtext                                clrtext      000000
__Lcomram                                 comram       000000
__Lconfig                                 config       000000
__Lconst                                  const        000000
__LcstackCOMRAM                           cstackCOMRAM 000000
__Ldata                                   data         000000
__Leeprom_data                            eeprom_data  000000
__Lfarbss                                 farbss       000000
__Lfardata                                fardata      000000
__Lheap                                   heap         000000
__Libigdata                               ibigdata     000000
__Lidata                                  idata        000000
__Lidloc                                  idloc        000000
__Lifardata                               ifardata     000000
__Linit                                   init         007FFC
__Lintcode                                intcode      000008
__Lintcode_body                           intcode_body 000000
__Lintcodelo                              intcodelo    000018
__Lintentry                               intentry     000000
__Lintret                                 intret       000000
__Lintsave_regs                           intsave_regs 000000
__Lirdata                                 irdata       000000
__Lmediumconst                            mediumconst  000000
__LnvCOMRAM                               nvCOMRAM     000000
__LnvFARRAM                               nvFARRAM     000000
__Lnvbit                                  nvbit        000000
__Lnvrram                                 nvrram       000000
__Lparam                                  rparam       000000
__Lpowerup                                powerup      000000
__Lram                                    ram          000000
__Lramtop                                 ramtop       000800
__Lrbit                                   rbit         000000
__Lrbss                                   rbss         000000
__Lrdata                                  rdata        000000
__Lreset_vec                              reset_vec    000000
__Lrparam                                 rparam       000000
__Lsfr                                    sfr          000000
__Lsivt_hi                                sivt_hi      000000
__Lsivt_lo                                sivt_lo      000018
__Lsmallconst                             smallconst   000800
__Lspace_0                                (abs)        000000
__Lspace_1                                (abs)        000000
__Lspace_2                                (abs)        000000
__Lspace_4                                (abs)        000000
__Lstack                                  stack        000000
__Lstruct                                 struct       000000
__Ltemp                                   temp         000000
__Ltext                                   text         000000
__Ltext0                                  text0        000000
__Ltext1                                  text1        000000
__Ltext10                                 text10       000000
__Ltext11                                 text11       000000
__Ltext12                                 text12       000000
__Ltext13                                 text13       000000
__Ltext14                                 text14       000000
__Ltext15                                 text15       000000
__Ltext16                                 text16       000000
__Ltext17                                 text17       000000
__Ltext18                                 text18       000000
__Ltext19                                 text19       000000
__Ltext2                                  text2        000000
__Ltext20                                 text20       000000
__Ltext3                                  text3        000000
__Ltext4                                  text4        000000
__Ltext5                                  text5        000000
__Ltext6                                  text6        000000
__Ltext7                                  text7        000000
__Ltext8                                  text8        000000
__Ltext9                                  text9        000000
__S0                                      (abs)        008000
__S1                                      (abs)        000051
__S4                                      (abs)        000000
__S5                                      (abs)        000000
___flge                                   text12       00152C
___flge@ff1                               cstackCOMRAM 000028
___flge@ff2                               cstackCOMRAM 00002C
___flmul                                  text11       000E4A
___flmul@a                                cstackCOMRAM 000013
___flmul@aexp                             cstackCOMRAM 000020
___flmul@b                                cstackCOMRAM 00000F
___flmul@bexp                             cstackCOMRAM 000021
___flmul@grs                              cstackCOMRAM 00001C
___flmul@prod                             cstackCOMRAM 000022
___flmul@sign                             cstackCOMRAM 00001B
___flmul@temp                             cstackCOMRAM 000026
___heap_hi                                (abs)        000000
___heap_lo                                (abs)        000000
___inthi_sp                               stack        000000
___inthi_stack_hi                         stack        000000
___inthi_stack_lo                         stack        000000
___intlo_sp                               stack        000000
___intlo_stack_hi                         stack        000000
___intlo_stack_lo                         stack        000000
___lldiv                                  text5        001798
___lldiv@counter                          cstackCOMRAM 00000D
___lldiv@dividend                         cstackCOMRAM 000001
___lldiv@divisor                          cstackCOMRAM 000005
___lldiv@quotient                         cstackCOMRAM 000009
___param_bank                             (abs)        000000
___rparam_used                            (abs)        000001
___sp                                     stack        000000
___stack_hi                               stack        000000
___stack_lo                               stack        000000
___xxtofl                                 text10       001270
___xxtofl@arg                             cstackCOMRAM 00000B
___xxtofl@exp                             cstackCOMRAM 00000A
___xxtofl@sign                            cstackCOMRAM 000009
___xxtofl@val                             cstackCOMRAM 000001
__accesstop                               (abs)        000060
__activetblptr                            (abs)        000002
__end_of_ADC_Initialize                   text20       0019EC
__end_of_CLOCK_Initialize                 text19       0019F8
__end_of_INT0_SetInterruptHandler         text18       001A20
__end_of_INT1_SetInterruptHandler         text17       001A16
__end_of_INT2_SetInterruptHandler         text16       001A0C
__end_of_INTERRUPT_Initialize             text15       00199E
__end_of_PIN_MANAGER_Initialize           text14       00196A
__end_of_SYSTEM_Initialize                text13       0019DA
__end_of___flge                           text12       001630
__end_of___flmul                          text11       001270
__end_of___lldiv                          text5        00183C
__end_of___xxtofl                         text10       001424
__end_of__initialization                  cinit        0019AA
__end_of_apagar_todos_leds                text8        001A02
__end_of_delay_ms                         text6        001936
__end_of_detectar_color                   text9        000E4A
__end_of_inicializar_sistema              text7        0019C8
__end_of_leer_adc_promedio                text4        001798
__end_of_main                             text0        0018FE
__end_of_medir_reflexiones                text3        00152C
__end_of_mostrar_resultado                text2        0016E6
__end_of_secuencia_inicio                 text1        0018B8
__initialization                          cinit        00199E
__mediumconst                             smallconst   000800
__pbssCOMRAM                              bssCOMRAM    000042
__pcinit                                  cinit        00199E
__pcstackCOMRAM                           cstackCOMRAM 000001
__pnvCOMRAM                               nvCOMRAM     00004B
__psmallconst                             smallconst   000800
__ptext0                                  text0        0018B8
__ptext1                                  text1        00183C
__ptext10                                 text10       001270
__ptext11                                 text11       000E4A
__ptext12                                 text12       00152C
__ptext13                                 text13       0019C8
__ptext14                                 text14       001936
__ptext15                                 text15       00196A
__ptext16                                 text16       001A02
__ptext17                                 text17       001A0C
__ptext18                                 text18       001A16
__ptext19                                 text19       0019EC
__ptext2                                  text2        001630
__ptext20                                 text20       0019DA
__ptext3                                  text3        001424
__ptext4                                  text4        0016E6
__ptext5                                  text5        001798
__ptext6                                  text6        0018FE
__ptext7                                  text7        0019B4
__ptext8                                  text8        0019F8
__ptext9                                  text9        000802
__ramtop                                  ramtop       000800
__smallconst                              smallconst   000800
_apagar_todos_leds                        text8        0019F8
_color_detectado                          bssCOMRAM    00004A
_delay_ms                                 text6        0018FE
_detectar_color                           text9        000802
_inicializar_sistema                      text7        0019B4
_leer_adc_promedio                        text4        0016E6
_main                                     text0        0018B8
_medir_reflexiones                        text3        001424
_mostrar_resultado                        text2        001630
_reflexion_ambiente                       bssCOMRAM    000042
_reflexion_azul                           bssCOMRAM    000044
_reflexion_roja                           bssCOMRAM    000048
_reflexion_verde                          bssCOMRAM    000046
_secuencia_inicio                         text1        00183C
delay_ms@i                                cstackCOMRAM 000004
delay_ms@ms                               cstackCOMRAM 000001
detectar_color@color_principal            cstackCOMRAM 000038
detectar_color@componentes_altos          cstackCOMRAM 000039
detectar_color@dif_temp                   cstackCOMRAM 00003C
detectar_color@max_dif                    cstackCOMRAM 00003A
detectar_color@max_reflexion              cstackCOMRAM 00003E
detectar_color@total_reflexion            cstackCOMRAM 000036
end_of_initialization                     cinit        0019AA
intlevel0                                 text         000000
intlevel1                                 text         000000
intlevel2                                 text         000000
intlevel3                                 text         000000
isa$std                                   (abs)        000001
isa$xinst                                 (abs)        000000
leer_adc_promedio@canal                   cstackCOMRAM 000016
leer_adc_promedio@i                       cstackCOMRAM 00001B
leer_adc_promedio@muestras                cstackCOMRAM 00000E
leer_adc_promedio@suma                    cstackCOMRAM 000017
mostrar_resultado@color                   cstackCOMRAM 000008
secuencia_inicio@i                        cstackCOMRAM 000006
stackhi                                   (abs)        000000
stacklo                                   (abs)        000000
start                                     init         007FFC
start_initialization                      cinit        00199E


MODULE INFORMATION

Module		Function		Class		Link	Load	Size
C:\Program Files\Microchip\xc8\v3.00\pic\sources\c99\common\flge.c
		___flge        		CODE           	152C	0000	260

C:\Program Files\Microchip\xc8\v3.00\pic\sources\c99\common\flge.c estimated size: 260

mcc_generated_files/system/src/interrupt.c
		_INT0_SetInterruptHandler		CODE           	1A16	0000	10
		_INT1_SetInterruptHandler		CODE           	1A0C	0000	10
		_INT2_SetInterruptHandler		CODE           	1A02	0000	10
		_INTERRUPT_Initialize		CODE           	196A	0000	52

mcc_generated_files/system/src/interrupt.c estimated size: 82

mcc_generated_files/adc/src/adc.c
		_ADC_Initialize		CODE           	19DA	0000	18

mcc_generated_files/adc/src/adc.c estimated size: 18

C:\Program Files\Microchip\xc8\v3.00\pic\sources\c99\common\sprcmul.c
		___flmul       		CODE           	0E4A	0000	1062

C:\Program Files\Microchip\xc8\v3.00\pic\sources\c99\common\sprcmul.c estimated size: 1062

mcc_generated_files/system/src/pins.c
		_PIN_MANAGER_Initialize		CODE           	1936	0000	52

mcc_generated_files/system/src/pins.c estimated size: 52

C:\Program Files\Microchip\xc8\v3.00\pic\sources\c99\common\__lldiv.c
		___lldiv       		CODE           	1798	0000	164

C:\Program Files\Microchip\xc8\v3.00\pic\sources\c99\common\__lldiv.c estimated size: 164

shared
		__initialization		CODE           	199E	0000	12

shared estimated size: 12

C:\Program Files\Microchip\xc8\v3.00\pic\sources\c99\common\xxtofl.c
		___xxtofl      		CODE           	1270	0000	436

C:\Program Files\Microchip\xc8\v3.00\pic\sources\c99\common\xxtofl.c estimated size: 436

mcc_generated_files/system/src/clock.c
		_CLOCK_Initialize		CODE           	19EC	0000	12

mcc_generated_files/system/src/clock.c estimated size: 12

main.c
		_apagar_todos_leds		CODE           	19F8	0000	10
		_inicializar_sistema		CODE           	19B4	0000	20
		_mostrar_resultado		CODE           	1630	0000	182
		_secuencia_inicio		CODE           	183C	0000	124
		_main          		CODE           	18B8	0000	70
		_leer_adc_promedio		CODE           	16E6	0000	178
		_delay_ms      		CODE           	18FE	0000	56
		_medir_reflexiones		CODE           	1424	0000	264
		_detectar_color		CODE           	0802	0000	1608

main.c estimated size: 2512

mcc_generated_files/system/src/system.c
		_SYSTEM_Initialize		CODE           	19C8	0000	18

mcc_generated_files/system/src/system.c estimated size: 18

